            --------------------------------------------------------
                             AMBER SQM VERSION 19
 
                                     By
              Ross C. Walker, Michael F. Crowley, Scott Brozell,
                         Tim Giese, Andreas W. Goetz,
                        Tai-Sung Lee and David A. Case
 
            --------------------------------------------------------
 

--------------------------------------------------------------------------------
  QM CALCULATION INFO
--------------------------------------------------------------------------------

| QMMM: Citation for AMBER QMMM Run:
| QMMM: R.C. Walker, M.F. Crowley and D.A. Case, J. COMP. CHEM. 29:1019, 2008

QMMM: SINGLET STATE CALCULATION
QMMM: RHF CALCULATION, NO. OF DOUBLY OCCUPIED LEVELS = 86

| QMMM: *** Selected Hamiltonian *** 
| QMMM: AM1         

| QMMM: *** Parameter sets in use ***
| QMMM: C : M.J.S.DEWAR et al. JACS, 107, 3902, (1985)
| QMMM: O : M.J.S.DEWAR et al. JACS, 107, 3902, (1985)
| QMMM: N : M.J.S.DEWAR et al. JACS, 107, 3902, (1985)
| QMMM: Cl: M.J.S.DEWAR et al. THEOCHEM, 180, 1, (1988)
| QMMM: S : M.J.S.DEWAR et al. INORG. CHEM., 29, 3881, (1990)
| QMMM: H : M.J.S.DEWAR et al. JACS, 107, 3902, (1985)

| QMMM: *** SCF convergence criteria ***
| QMMM: Energy change                :  0.1D-09 kcal/mol
| QMMM: Error matrix |FP-PF|         :  0.1D+00 au
| QMMM: Density matrix change        :  0.5D-06
| QMMM: Maximum number of SCF cycles :     1000

| QMMM: *** Diagonalization Routine Information ***
| QMMM: Pseudo diagonalizations are allowed.
| QMMM: Auto diagonalization routine selection is in use.
| QMMM:
| QMMM: Timing diagonalization routines:
| QMMM:                              norbs =      156
| QMMM:    diag iterations used for timing =        5
| QMMM:
| QMMM:              Internal diag routine = 0.024679 seconds
| QMMM:                 Dspev diag routine = 0.036556 seconds
| QMMM:                Dspevd diag routine = 0.032092 seconds
| QMMM:                Dspevx diag routine = 0.069849 seconds
| QMMM:                 Dsyev diag routine = 0.033380 seconds
| QMMM:                Dsyevd diag routine = 0.020234 seconds
| QMMM:                Dsyevr diag routine = 0.018161 seconds
| QMMM:
| QMMM:                Pseudo diag routine = 0.012156 seconds
| QMMM:
| QMMM: Using dsyevr routine (diag_routine=7).

  QMMM: QM Region Cartesian Coordinates (*=link atom) 
  QMMM: QM_NO.   MM_NO.  ATOM         X         Y         Z
  QMMM:     1        1      C        0.7410   -0.2710    0.1400
  QMMM:     2        2      O       -0.1840    0.5430   -0.6340
  QMMM:     3        3      C        0.0350    1.8990   -0.5020
  QMMM:     4        4      C       -0.9030    2.9290   -0.9570
  QMMM:     5        5      C       -0.5460    4.3250   -1.3530
  QMMM:     6        6      C        0.7720    4.6950   -1.2360
  QMMM:     7        7      C        1.5400    3.6050   -0.5320
  QMMM:     8        8      C        1.3060    2.2750   -0.2860
  QMMM:     9        9      N        1.3460    6.1040   -2.0130
  QMMM:    10       10      N        0.9100    7.2920   -1.4160
  QMMM:    11       11      C        1.8100    8.2390   -1.6980
  QMMM:    12       12      C        2.7950    7.8920   -2.6310
  QMMM:    13       13      C        2.6190    6.5410   -2.8900
  QMMM:    14       14      N        3.5540    5.9030   -3.7780
  QMMM:    15       15      C        3.6900    4.4890   -4.0240
  QMMM:    16       16      O        4.5130    4.0750   -4.7680
  QMMM:    17       17      C        2.8450    3.7090   -3.0650
  QMMM:    18       18      C        1.3920    3.9380   -3.8570
  QMMM:    19       19      C        0.5760    2.7250   -3.4880
  QMMM:    20       20      C        1.4290    1.5110   -3.3890
  QMMM:    21       21      C        2.8570    2.1160   -3.4440
  QMMM:    22       22      C        3.6670    4.3610   -1.5750
  QMMM:    23       23      C        3.2170    5.4170   -0.4820
  QMMM:    24       24      C        3.5660    5.5880    0.8510
  QMMM:    25       25      C        4.5850    4.7960    1.2190
  QMMM:    26       26      C        5.1860    3.9120    0.2640
  QMMM:    27       27      C        4.7550    3.6660   -1.0990
  QMMM:    28       28      Cl       4.9970    4.8510    2.8790
  QMMM:    29       29      C        3.6810    9.0230   -3.0830
  QMMM:    30       30      S        3.3270   10.3590   -1.8910
  QMMM:    31       31      O        4.3370   10.3200   -0.8500
  QMMM:    32       32      O        3.0430   11.5830   -2.6140
  QMMM:    33       33      C        1.7770    9.6660   -1.2510
  QMMM:    34       34      H        0.4760   -1.3220    0.0260
  QMMM:    35       35      H        0.6540    0.0310    1.1870
  QMMM:    36       36      H        1.8070   -0.2270   -0.1560
  QMMM:    37       37      H       -1.8430    2.5600   -1.3530
  QMMM:    38       38      H       -1.1690    4.8930   -2.0460
  QMMM:    39       39      H        2.5240    3.5850   -0.0980
  QMMM:    40       40      H        2.2050    1.6340   -0.2140
  QMMM:    41       41      H        4.3350    6.4160   -4.1880
  QMMM:    42       42      H        0.8590    4.8700   -3.6890
  QMMM:    43       43      H        1.4380    3.9200   -4.9540
  QMMM:    44       44      H       -0.4980    2.6840   -3.7080
  QMMM:    45       45      H        0.5590    2.8550   -2.4670
  QMMM:    46       46      H        1.0460    0.7690   -4.0950
  QMMM:    47       47      H        1.3770    0.9610   -2.4450
  QMMM:    48       48      H        3.1030    1.9630   -4.5020
  QMMM:    49       49      H        3.5210    1.5380   -2.8100
  QMMM:    50       50      H        2.2020    5.7820   -0.2870
  QMMM:    51       51      H        2.8550    6.0790    1.5480
  QMMM:    52       52      H        6.0130    3.3250    0.6370
  QMMM:    53       53      H        5.1860    2.8500   -1.6690
  QMMM:    54       54      H        3.3400    9.3960   -4.0550
  QMMM:    55       55      H        4.7610    8.8520   -3.0890
  QMMM:    56       56      H        1.7470    9.8280   -0.1730
  QMMM:    57       57      H        0.9680   10.1800   -1.7700

--------------------------------------------------------------------------------
  RESULTS
--------------------------------------------------------------------------------

      iter         sqm energy              rms gradient
      ----    -------------------    -----------------------
xmin    10      130.9068 kcal/mol       19.9532 kcal/(mol*A)
xmin    20       29.4892 kcal/mol        4.6290 kcal/(mol*A)
xmin    30        8.3122 kcal/mol        2.9920 kcal/(mol*A)
xmin    40        3.9948 kcal/mol        1.5933 kcal/(mol*A)
xmin    50        1.8258 kcal/mol        1.4964 kcal/(mol*A)
xmin    60       -0.3795 kcal/mol        1.2691 kcal/(mol*A)
xmin    70       -1.3786 kcal/mol        1.1516 kcal/(mol*A)
xmin    80       -2.5010 kcal/mol        1.2349 kcal/(mol*A)
xmin    90       -3.1474 kcal/mol        0.7627 kcal/(mol*A)
xmin   100       -3.5829 kcal/mol        0.3670 kcal/(mol*A)
xmin   110       -4.2257 kcal/mol        0.1616 kcal/(mol*A)
xmin   120       -4.4952 kcal/mol        0.2052 kcal/(mol*A)
xmin   130       -4.9610 kcal/mol        0.5753 kcal/(mol*A)
xmin   140       -5.5012 kcal/mol        0.4379 kcal/(mol*A)
xmin   150       -6.1345 kcal/mol        0.1680 kcal/(mol*A)
xmin   160       -6.4101 kcal/mol        0.3771 kcal/(mol*A)
xmin   170       -6.7707 kcal/mol        0.1025 kcal/(mol*A)
xmin   180       -6.9355 kcal/mol        0.3936 kcal/(mol*A)
xmin   190       -6.9932 kcal/mol        0.1113 kcal/(mol*A)
xmin   200       -7.0888 kcal/mol        0.1277 kcal/(mol*A)
xmin   210       -7.1107 kcal/mol        0.0462 kcal/(mol*A)
xmin   220       -7.1131 kcal/mol        0.0577 kcal/(mol*A)
xmin   230       -7.1145 kcal/mol        0.0149 kcal/(mol*A)
xmin   240       -7.1147 kcal/mol        0.0059 kcal/(mol*A)
xmin   250       -7.1150 kcal/mol        0.0058 kcal/(mol*A)
xmin   260       -7.1150 kcal/mol        0.0071 kcal/(mol*A)
xmin   270       -7.1151 kcal/mol        0.0014 kcal/(mol*A)
xmin   280       -7.0964 kcal/mol        0.1450 kcal/(mol*A)
xmin   290       -7.1151 kcal/mol        0.0020 kcal/(mol*A)
xmin   300       -7.1151 kcal/mol        0.0011 kcal/(mol*A)
  ... geometry converged !
 
 Final MO eigenvalues (eV):
 -42.5324  -41.4411  -40.8437  -39.4731  -38.6018  -38.3328  -38.2889  -37.5516
 -37.3731  -36.1630  -35.8934  -32.8074  -32.4594  -32.3411  -31.9732  -31.6877
 -29.9484  -29.3185  -29.0477  -28.6287  -27.2647  -24.4476  -24.0395  -23.7312
 -23.5887  -23.2171  -21.8780  -21.7446  -21.4326  -20.3268  -20.0865  -19.4368
 -19.0965  -18.5795  -18.2453  -17.9862  -17.6240  -17.5440  -17.3267  -16.9445
 -16.9096  -16.8585  -16.4421  -16.1579  -16.0280  -15.9626  -15.8622  -15.5238
 -15.2175  -15.0614  -15.0084  -14.8862  -14.7547  -14.6704  -14.6029  -14.3927
 -14.2272  -14.1629  -14.0745  -13.8204  -13.5605  -13.2293  -13.1384  -13.1252
 -13.0692  -13.0422  -12.9509  -12.6978  -12.5891  -12.4545  -12.4347  -12.3995
 -12.2777  -12.1771  -12.1405  -11.9457  -11.7553  -11.4212  -11.3305  -10.9378
 -10.4938  -10.3391  -10.1271   -9.9820   -9.5478   -9.3318   -0.8735   -0.4960
  -0.1824   -0.1454    0.1071    0.1430    0.4299    0.7028    1.0455    1.2993
   1.4470    1.5695    2.0051    2.1181    2.3067    2.6311    2.7171    2.7793
   2.9542    3.0280    3.1430    3.1842    3.2083    3.2996    3.3183    3.4193
   3.4567    3.5146    3.5595    3.5982    3.6431    3.6634    3.6909    3.7626
   3.8530    3.8727    3.8780    3.8849    4.0079    4.0171    4.0261    4.0484
   4.1604    4.2206    4.2676    4.3307    4.3552    4.4008    4.4748    4.4920
   4.5677    4.6623    4.7045    4.7201    4.7291    4.7834    4.8209    4.8630
   4.9286    4.9395    4.9861    5.0300    5.0466    5.2223    5.3464    5.5509
   5.8104    5.9141    6.2065    6.4585

 Heat of formation   =         -7.11507915 kcal/mol  (       -0.30853298 eV)

 Total SCF energy    =    -135372.51688960 kcal/mol  (    -5870.19283160 eV)
 Electronic energy   =   -1188453.02140959 kcal/mol  (   -51535.19020899 eV)
 Core-core repulsion =    1053080.50451998 kcal/mol  (    45664.99737739 eV)
 
    Atomic Charges for Step       1 :
  Atom    Element       Mulliken Charge
     1      C                 -0.079
     2      O                 -0.203
     3      C                  0.095
     4      C                 -0.146
     5      C                 -0.093
     6      C                  0.005
     7      C                 -0.072
     8      C                 -0.201
     9      N                 -0.111
    10      N                  0.003
    11      C                 -0.127
    12      C                 -0.158
    13      C                  0.096
    14      N                 -0.312
    15      C                  0.323
    16      O                 -0.351
    17      C                 -0.009
    18      C                 -0.158
    19      C                 -0.157
    20      C                 -0.159
    21      C                 -0.149
    22      C                 -0.070
    23      C                 -0.122
    24      C                 -0.123
    25      C                 -0.064
    26      C                 -0.127
    27      C                 -0.117
    28      Cl                -0.007
    29      C                 -0.746
    30      S                  2.756
    31      O                 -0.922
    32      O                 -0.918
    33      C                 -0.745
    34      H                  0.112
    35      H                  0.077
    36      H                  0.076
    37      H                  0.161
    38      H                  0.144
    39      H                  0.153
    40      H                  0.147
    41      H                  0.243
    42      H                  0.101
    43      H                  0.090
    44      H                  0.085
    45      H                  0.084
    46      H                  0.086
    47      H                  0.088
    48      H                  0.110
    49      H                  0.102
    50      H                  0.155
    51      H                  0.151
    52      H                  0.159
    53      H                  0.145
    54      H                  0.172
    55      H                  0.178
    56      H                  0.173
    57      H                  0.176
 Total Mulliken Charge =       0.000
 
                  X        Y        Z     TOTAL  
  QM DIPOLE    -3.370   -5.449    0.983    6.482
 
 Final Structure

  QMMM: QM Region Cartesian Coordinates (*=link atom) 
  QMMM: QM_NO.   MM_NO.  ATOM         X         Y         Z
  QMMM:     1        1      C       -3.5524    0.5682   -1.2196
  QMMM:     2        2      O       -3.3836    1.6837   -2.0889
  QMMM:     3        3      C       -2.4113    2.5936   -1.7343
  QMMM:     4        4      C       -2.2778    3.6880   -2.6114
  QMMM:     5        5      C       -1.3312    4.6664   -2.3497
  QMMM:     6        6      C       -0.4929    4.5569   -1.2194
  QMMM:     7        7      C       -0.6405    3.4660   -0.3442
  QMMM:     8        8      C       -1.5970    2.4870   -0.6012
  QMMM:     9        9      N        0.4933    5.5552   -0.9587
  QMMM:    10       10      N        0.5321    6.2595    0.1850
  QMMM:    11       11      C        1.5699    7.1155    0.0628
  QMMM:    12       12      C        2.2340    6.9589   -1.2295
  QMMM:    13       13      C        1.5326    5.9385   -1.8813
  QMMM:    14       14      N        1.6767    5.4096   -3.1588
  QMMM:    15       15      C        2.4693    4.3290   -3.5464
  QMMM:    16       16      O        2.2357    3.8681   -4.6801
  QMMM:    17       17      C        3.6140    3.7965   -2.6806
  QMMM:    18       18      C        3.1440    3.5217   -1.2459
  QMMM:    19       19      C        3.9100    2.3011   -0.7550
  QMMM:    20       20      C        4.4001    1.5573   -1.9899
  QMMM:    21       21      C        4.0572    2.4074   -3.2046
  QMMM:    22       22      C        4.7701    4.7527   -2.7983
  QMMM:    23       23      C        5.1029    5.2510   -4.0686
  QMMM:    24       24      C        6.1832    6.1104   -4.2388
  QMMM:    25       25      C        6.9520    6.4808   -3.1297
  QMMM:    26       26      C        6.6407    5.9850   -1.8615
  QMMM:    27       27      C        5.5575    5.1199   -1.7029
  QMMM:    28       28      Cl       8.2699    7.5333   -3.3290
  QMMM:    29       29      C        3.3591    7.8580   -1.4419
  QMMM:    30       30      S        3.5021    8.8118    0.0097
  QMMM:    31       31      O        4.6970    8.4978    0.6664
  QMMM:    32       32      O        3.2552   10.1573   -0.2779
  QMMM:    33       33      C        2.1604    8.1529    0.9154
  QMMM:    34       34      H       -4.3779   -0.0129   -1.7042
  QMMM:    35       35      H       -3.8540    0.9067   -0.1988
  QMMM:    36       36      H       -2.6164   -0.0394   -1.1729
  QMMM:    37       37      H       -2.9321    3.7564   -3.4930
  QMMM:    38       38      H       -1.2493    5.5294   -3.0292
  QMMM:    39       39      H       -0.0090    3.3805    0.5547
  QMMM:    40       40      H       -1.7009    1.6417    0.0938
  QMMM:    41       41      H        0.9510    5.6609   -3.8034
  QMMM:    42       42      H        3.2929    4.4081   -0.5827
  QMMM:    43       43      H        2.0468    3.2863   -1.2533
  QMMM:    44       44      H        3.2517    1.6515   -0.1268
  QMMM:    45       45      H        4.7761    2.6130   -0.1179
  QMMM:    46       46      H        3.9114    0.5540   -2.0690
  QMMM:    47       47      H        5.5041    1.3851   -1.9297
  QMMM:    48       48      H        3.2239    1.9388   -3.7884
  QMMM:    49       49      H        4.9312    2.5105   -3.8933
  QMMM:    50       50      H        4.5029    4.9524   -4.9451
  QMMM:    51       51      H        6.4308    6.4926   -5.2409
  QMMM:    52       52      H        7.2439    6.2725   -0.9859
  QMMM:    53       53      H        5.3441    4.7235   -0.6979
  QMMM:    54       54      H        3.1960    8.5040   -2.3461
  QMMM:    55       55      H        4.3028    7.2764   -1.6472
  QMMM:    56       56      H        2.4960    7.7240    1.8970
  QMMM:    57       57      H        1.4029    8.9432    1.1657

           --------- Calculation Completed ----------

